// Jest Snapshot v1, https://goo.gl/fbAQLP

exports[`WatchListItem renders correctly 1`] = `
<View>
  <Text
    style={
      Array [
        Object {},
        undefined,
        undefined,
        undefined,
        undefined,
        undefined,
        undefined,
        undefined,
        undefined,
        undefined,
        Object {
          "fontSize": 20,
          "fontWeight": "bold",
          "letterSpacing": 1,
        },
      ]
    }
  />
  <View
    style={
      Object {
        "color": "dimgray",
        "fontSize": 16,
      }
    }
  >
    <Text
      style={
        Array [
          Object {},
          undefined,
          undefined,
          undefined,
          undefined,
          undefined,
          undefined,
          undefined,
          undefined,
          undefined,
          undefined,
        ]
      }
    />
    <Text
      style={
        Array [
          Object {},
          undefined,
          undefined,
          undefined,
          undefined,
          undefined,
          undefined,
          undefined,
          undefined,
          undefined,
          undefined,
        ]
      }
    />
    <Text
      style={
        Array [
          Object {},
          undefined,
          undefined,
          undefined,
          undefined,
          undefined,
          undefined,
          undefined,
          undefined,
          undefined,
          undefined,
        ]
      }
    >
      Winloss: 
      %
    </Text>
    <Text
      style={
        Array [
          Object {},
          undefined,
          undefined,
          undefined,
          undefined,
          undefined,
          undefined,
          undefined,
          undefined,
          undefined,
          undefined,
        ]
      }
    >
      Price: $
    </Text>
  </View>
</View>
`;
